[2025-12-05T07:19:31.711Z] Mongo backup service running...
[2025-12-05T07:19:31.713Z] Starting backup sequence...
[2025-12-05T07:19:31.713Z] Backing up db1...
[2025-12-05T07:23:24.465Z] Backup completed for db1: C:\K-Win\Backup\backups\db1_2025-12-05T07-19-31-724Z (took 232.74s)
[2025-12-05T07:23:24.475Z] Backing up db2...
[2025-12-05T07:26:57.500Z] Backup completed for db2: C:\K-Win\Backup\backups\db2_2025-12-05T07-23-24-478Z (took 213.01s)
[2025-12-05T07:26:57.514Z] Backup sequence completed.

[2025-12-05T07:30:00.080Z] Starting backup sequence...
[2025-12-05T07:30:00.080Z] Backing up db1...
[2025-12-05T07:33:52.083Z] Backup completed for db1: C:\K-Win\Backup\backups\db1_2025-12-05T07-30-00-082Z (took 232.00s)
[2025-12-05T07:33:52.083Z] Backing up db2...
[2025-12-05T07:37:24.282Z] Backup completed for db2: C:\K-Win\Backup\backups\db2_2025-12-05T07-33-52-085Z (took 212.19s)
[2025-12-05T07:37:24.297Z] Backup sequence completed.

[2025-12-05T07:48:58.315Z] Mongo backup service running...
[2025-12-05T07:48:58.353Z] Starting backup sequence...
[2025-12-05T07:48:58.354Z] Starting batch: db1, db2
[2025-12-05T07:48:58.354Z] Backing up db1...
[2025-12-05T07:48:58.421Z] Backing up db2...
[2025-12-05T07:50:49.239Z] Mongo backup service running...
[2025-12-05T07:50:49.240Z] Starting backup sequence...
[2025-12-05T07:50:49.241Z] Starting batch: db1, db2
[2025-12-05T07:50:49.241Z] Backing up db1...
[2025-12-05T07:50:49.263Z] Backing up db2...
[2025-12-05T07:54:20.282Z] Mongo backup service running...
[2025-12-05T07:54:20.283Z] Starting backup sequence...
[2025-12-05T07:54:20.283Z] Starting batch: db1, db2
[2025-12-05T07:54:20.295Z] Backing up db1...
[2025-12-05T07:54:20.312Z] Backing up db2...
[2025-12-05T07:57:17.026Z] Backup failed for db2: Command failed: mongodump --uri="mongodb+srv://projectDev-01:O9YGEyPQvKyA3Q48@kwintechinstances.usgwoxy.mongodb.net" --out="C:\K-Win\Backup\backups\db2\db2_05-12-2025-T-14-24-20"
2025-12-05T14:25:16.607+0630	writing Cherry-k.logs to C:\K-Win\Backup\backups\db2\db2_05-12-2025-T-14-24-20\Cherry-k\logs.bson
2025-12-05T14:25:16.609+0630	writing Cherry-k.transactions to C:\K-Win\Backup\backups\db2\db2_05-12-2025-T-14-24-20\Cherry-k\transactions.bson
2025-12-05T14:25:16.609+0630	writing Cherry-k.appointments to C:\K-Win\Backup\backups\db2\db2_05-12-2025-T-14-24-20\Cherry-k\appointments.bson
2025-12-05T14:25:16.609+0630	writing Cherry-k.usagerecords to C:\K-Win\Backup\backups\db2\db2_05-12-2025-T-14-24-20\Cherry-k\usagerecords.bson
2025-12-05T14:25:17.477+0630	[........................]          Cherry-k.logs  101/509988  (0.0%)
2025-12-05T14:25:17.477+0630	[........................]  Cherry-k.transactions  101/246493  (0.0%)
2025-12-05T14:25:17.477+0630	[........................]  Cherry-k.usagerecords   101/74933  (0.1%)
2025-12-05T14:25:17.477+0630	[........................]  Cherry-k.appointments  101/109213  (0.1%)
2025-12-05T14:25:17.477+0630	
2025-12-05T14:25:20.477+0630	[........................]          Cherry-k.logs  101/509988  (0.0%)
2025-12-05T14:25:20.477+0630	[........................]  Cherry-k.transactions  101/246493  (0.0%)
2025-12-05T14:25:20.477+0630	[........................]  Cherry-k.usagerecords   101/74933  (0.1%)
2025-12-05T14:25:20.477+0630	[........................]  Cherry-k.appointments  101/109213  (0.1%)
2025-12-05T14:25:20.477+0630	
2025-12-05T14:25:23.477+0630	[###.....................]          Cherry-k.logs  66540/509988  (13.0%)
2025-12-05T14:25:23.477+0630	[#########...............]  Cherry-k.transactions  96771/246493  (39.3%)
2025-12-05T14:25:23.477+0630	[........................]  Cherry-k.usagerecords     101/74933   (0.1%)
2025-12-05T14:25:23.477+0630	[........................]  Cherry-k.appointments    101/109213   (0.1%)
2025-12-05T14:25:23.477+0630	
2025-12-05T14:25:26.477+0630	[######..................]          Cherry-k.logs  128511/509988  (25.2%)
2025-12-05T14:25:26.477+0630	[#########...............]  Cherry-k.transactions   96771/246493  (39.3%)
2025-12-05T14:25:26.477+0630	[........................]  Cherry-k.usagerecords      101/74933   (0.1%)
2025-12-05T14:25:26.477+0630	[........................]  Cherry-k.appointments     101/109213   (0.1%)
2025-12-05T14:25:26.477+0630	
2025-12-05T14:25:29.477+0630	[########................]          Cherry-k.logs  190484/509988  (37.4%)
2025-12-05T14:25:29.477+0630	[##################......]  Cherry-k.transactions  185094/246493  (75.1%)
2025-12-05T14:25:29.477+0630	[........................]  Cherry-k.usagerecords      101/74933   (0.1%)
2025-12-05T14:25:29.477+0630	[........................]  Cherry-k.appointments     101/109213   (0.1%)
2025-12-05T14:25:29.477+0630	
2025-12-05T14:25:30.157+0630	[########################]  Cherry-k.transactions  246493/246493  (100.0%)
2025-12-05T14:25:30.157+0630	done dumping Cherry-k.transactions (246493 documents)
2025-12-05T14:25:30.157+0630	writing Cherry-k.usages to C:\K-Win\Backup\backups\db2\db2_05-12-2025-T-14-24-20\Cherry-k\usages.bson
2025-12-05T14:25:32.477+0630	[###########.............]          Cherry-k.logs  252174/509988  (49.4%)
2025-12-05T14:25:32.477+0630	[........................]  Cherry-k.usagerecords      101/74933   (0.1%)
2025-12-05T14:25:32.477+0630	[###########.............]  Cherry-k.appointments   52685/109213  (48.2%)
2025-12-05T14:25:32.477+0630	[........................]        Cherry-k.usages      101/74603   (0.1%)
2025-12-05T14:25:32.477+0630	
2025-12-05T14:25:35.477+0630	[##############..........]          Cherry-k.logs  313416/509988  (61.5%)
2025-12-05T14:25:35.477+0630	[#####...................]  Cherry-k.usagerecords    16456/74933  (22.0%)
2025-12-05T14:25:35.477+0630	[###########.............]  Cherry-k.appointments   52685/109213  (48.2%)
2025-12-05T14:25:35.477+0630	[#####...................]        Cherry-k.usages    15826/74603  (21.2%)
2025-12-05T14:25:35.477+0630	
2025-12-05T14:25:38.477+0630	[#################.......]          Cherry-k.logs  376063/509988  (73.7%)
2025-12-05T14:25:38.477+0630	[#####...................]  Cherry-k.usagerecords    16456/74933  (22.0%)
2025-12-05T14:25:38.477+0630	[###########.............]  Cherry-k.appointments   52685/109213  (48.2%)
2025-12-05T14:25:38.477+0630	[#####...................]        Cherry-k.usages    15826/74603  (21.2%)
2025-12-05T14:25:38.477+0630	
2025-12-05T14:25:41.477+0630	[#################.......]          Cherry-k.logs  376063/509988  (73.7%)
2025-12-05T14:25:41.477+0630	[#####...................]  Cherry-k.usagerecords    16456/74933  (22.0%)
2025-12-05T14:25:41.477+0630	[###########.............]  Cherry-k.appointments   52685/109213  (48.2%)
2025-12-05T14:25:41.477+0630	[#########...............]        Cherry-k.usages    28309/74603  (37.9%)
2025-12-05T14:25:41.477+0630	
2025-12-05T14:25:44.477+0630	[#################.......]          Cherry-k.logs  376063/509988  (73.7%)
2025-12-05T14:25:44.477+0630	[#####...................]  Cherry-k.usagerecords    16456/74933  (22.0%)
2025-12-05T14:25:44.477+0630	[###########.............]  Cherry-k.appointments   52685/109213  (48.2%)
2025-12-05T14:25:44.477+0630	[#########...............]        Cherry-k.usages    28309/74603  (37.9%)
2025-12-05T14:25:44.477+0630	
2025-12-05T14:25:47.477+0630	[#################.......]          Cherry-k.logs  376063/509988  (73.7%)
2025-12-05T14:25:47.477+0630	[#####...................]  Cherry-k.usagerecords    16456/74933  (22.0%)
2025-12-05T14:25:47.477+0630	[####################....]  Cherry-k.appointments   94740/109213  (86.7%)
2025-12-05T14:25:47.477+0630	[##################......]        Cherry-k.usages    58127/74603  (77.9%)
2025-12-05T14:25:47.477+0630	
2025-12-05T14:25:50.477+0630	[####################....]          Cherry-k.logs  445468/509988  (87.3%)
2025-12-05T14:25:50.477+0630	[#########...............]  Cherry-k.usagerecords    29322/74933  (39.1%)
2025-12-05T14:25:50.477+0630	[####################....]  Cherry-k.appointments   94740/109213  (86.7%)
2025-12-05T14:25:50.477+0630	[##################......]        Cherry-k.usages    58127/74603  (77.9%)
2025-12-05T14:25:50.477+0630	
2025-12-05T14:25:50.734+0630	[########################]  Cherry-k.usages  74603/74603  (100.0%)
2025-12-05T14:25:50.734+0630	done dumping Cherry-k.usages (74603 documents)
2025-12-05T14:25:50.734+0630	writing Cherry-k.treatmentselections to C:\K-Win\Backup\backups\db2\db2_05-12-2025-T-14-24-20\Cherry-k\treatmentselections.bson
2025-12-05T14:25:50.778+0630	[########################]  Cherry-k.appointments  109213/109213  (100.0%)
2025-12-05T14:25:50.778+0630	done dumping Cherry-k.appointments (109213 documents)
2025-12-05T14:25:50.778+0630	writing Cherry-k.treatmentvouchers to C:\K-Win\Backup\backups\db2\db2_05-12-2025-T-14-24-20\Cherry-k\treatmentvouchers.bson
2025-12-05T14:25:53.477+0630	[####################....]                 Cherry-k.logs  445468/509988  (87.3%)
2025-12-05T14:25:53.477+0630	[#########...............]         Cherry-k.usagerecords    29322/74933  (39.1%)
2025-12-05T14:25:53.477+0630	[........................]  Cherry-k.treatmentselections      101/65820   (0.2%)
2025-12-05T14:25:53.477+0630	[........................]    Cherry-k.treatmentvouchers      101/56549   (0.2%)
2025-12-05T14:25:53.477+0630	
2025-12-05T14:25:56.477+0630	[####################....]                 Cherry-k.logs  445468/509988  (87.3%)
2025-12-05T14:25:56.477+0630	[#########...............]         Cherry-k.usagerecords    29322/74933  (39.1%)
2025-12-05T14:25:56.477+0630	[........................]  Cherry-k.treatmentselections      101/65820   (0.2%)
2025-12-05T14:25:56.477+0630	[........................]    Cherry-k.treatmentvouchers      101/56549   (0.2%)
2025-12-05T14:25:56.477+0630	
2025-12-05T14:25:58.007+0630	[########################]  Cherry-k.logs  509988/509988  (100.0%)
2025-12-05T14:25:58.007+0630	done dumping Cherry-k.logs (509988 documents)
2025-12-05T14:25:58.007+0630	writing Cherry-k.accountbalances to C:\K-Win\Backup\backups\db2\db2_05-12-2025-T-14-24-20\Cherry-k\accountbalances.bson
2025-12-05T14:25:59.477+0630	[#########...............]         Cherry-k.usagerecords  29322/74933  (39.1%)
2025-12-05T14:25:59.477+0630	[######..................]  Cherry-k.treatmentselections  17013/65820  (25.8%)
2025-12-05T14:25:59.477+0630	[........................]    Cherry-k.treatmentvouchers    101/56549   (0.2%)
2025-12-05T14:25:59.477+0630	[........................]      Cherry-k.accountbalances    101/31893   (0.3%)
2025-12-05T14:25:59.477+0630	
2025-12-05T14:26:02.477+0630	[#########...............]         Cherry-k.usagerecords  29322/74933  (39.1%)
2025-12-05T14:26:02.477+0630	[############............]  Cherry-k.treatmentselections  33122/65820  (50.3%)
2025-12-05T14:26:02.477+0630	[........................]    Cherry-k.treatmentvouchers    101/56549   (0.2%)
2025-12-05T14:26:02.477+0630	[........................]      Cherry-k.accountbalances    101/31893   (0.3%)
2025-12-05T14:26:02.477+0630	
2025-12-05T14:26:02.719+0630	[########################]  Cherry-k.accountbalances  31893/31893  (100.0%)
2025-12-05T14:26:02.720+0630	done dumping Cherry-k.accountbalances (31893 documents)
2025-12-05T14:26:02.720+0630	writing Cherry-k.recievedrecords to C:\K-Win\Backup\backups\db2\db2_05-12-2025-T-14-24-20\Cherry-k\recievedrecords.bson
2025-12-05T14:26:05.477+0630	[#########...............]         Cherry-k.usagerecords  29322/74933  (39.1%)
2025-12-05T14:26:05.477+0630	[############............]  Cherry-k.treatmentselections  33122/65820  (50.3%)
2025-12-05T14:26:05.477+0630	[........................]    Cherry-k.treatmentvouchers    101/56549   (0.2%)
2025-12-05T14:26:05.477+0630	[........................]      Cherry-k.recievedrecords    101/28952   (0.3%)
2025-12-05T14:26:05.477+0630	
2025-12-05T14:26:08.477+0630	[####################....]         Cherry-k.usagerecords  64240/74933  (85.7%)
2025-12-05T14:26:08.477+0630	[############............]  Cherry-k.treatmentselections  33122/65820  (50.3%)
2025-12-05T14:26:08.477+0630	[#########...............]    Cherry-k.treatmentvouchers  21547/56549  (38.1%)
2025-12-05T14:26:08.477+0630	[........................]      Cherry-k.recievedrecords    101/28952   (0.3%)
2025-12-05T14:26:08.477+0630	
2025-12-05T14:26:09.466+0630	[########################]  Cherry-k.recievedrecords  28952/28952  (100.0%)
2025-12-05T14:26:09.466+0630	done dumping Cherry-k.recievedrecords (28952 documents)
2025-12-05T14:26:09.466+0630	writing Cherry-k.patients to C:\K-Win\Backup\backups\db2\db2_05-12-2025-T-14-24-20\Cherry-k\patients.bson
2025-12-05T14:26:11.477+0630	[####################....]         Cherry-k.usagerecords  64240/74933  (85.7%)
2025-12-05T14:26:11.477+0630	[##################......]  Cherry-k.treatmentselections  50297/65820  (76.4%)
2025-12-05T14:26:11.477+0630	[#########...............]    Cherry-k.treatmentvouchers  21547/56549  (38.1%)
2025-12-05T14:26:11.477+0630	[........................]             Cherry-k.patients    101/21923   (0.5%)
2025-12-05T14:26:11.477+0630	
2025-12-05T14:26:14.477+0630	[####################....]         Cherry-k.usagerecords  64240/74933  (85.7%)
2025-12-05T14:26:14.477+0630	[##################......]  Cherry-k.treatmentselections  50297/65820  (76.4%)
2025-12-05T14:26:14.477+0630	[#########...............]    Cherry-k.treatmentvouchers  21547/56549  (38.1%)
2025-12-05T14:26:14.477+0630	[........................]             Cherry-k.patients    101/21923   (0.5%)
2025-12-05T14:26:14.477+0630	
2025-12-05T14:26:16.103+0630	[########################]  Cherry-k.usagerecords  74933/74933  (100.0%)
2025-12-05T14:26:16.103+0630	done dumping Cherry-k.usagerecords (74933 documents)
2025-12-05T14:26:16.103+0630	writing Clinic-Denovo.comissions to C:\K-Win\Backup\backups\db2\db2_05-12-2025-T-14-24-20\Clinic-Denovo\comissions.bson
2025-12-05T14:26:17.477+0630	[##################......]  Cherry-k.treatmentselections  50297/65820  (76.4%)
2025-12-05T14:26:17.477+0630	[#########...............]    Cherry-k.treatmentvouchers  21547/56549  (38.1%)
2025-12-05T14:26:17.477+0630	[........................]             Cherry-k.patients    101/21923   (0.5%)
2025-12-05T14:26:17.477+0630	[........................]      Clinic-Denovo.comissions    101/17170   (0.6%)
2025-12-05T14:26:17.477+0630	
2025-12-05T14:26:17.881+0630	[########################]  Cherry-k.treatmentselections  65820/65820  (100.0%)
2025-12-05T14:26:17.881+0630	done dumping Cherry-k.treatmentselections (65820 documents)
2025-12-05T14:26:17.881+0630	writing Cherry-k.stockhistories to C:\K-Win\Backup\backups\db2\db2_05-12-2025-T-14-24-20\Cherry-k\stockhistories.bson
2025-12-05T14:26:20.477+0630	[#########...............]  Cherry-k.treatmentvouchers  21547/56549  (38.1%)
2025-12-05T14:26:20.477+0630	[........................]           Cherry-k.patients    101/21923   (0.5%)
2025-12-05T14:26:20.477+0630	[........................]    Clinic-Denovo.comissions    101/17170   (0.6%)
2025-12-05T14:26:20.477+0630	[........................]     Cherry-k.stockhistories      0/15966   (0.0%)
2025-12-05T14:26:20.477+0630	
2025-12-05T14:26:22.236+0630	[########################]  Cherry-k.patients  21923/21923  (100.0%)
2025-12-05T14:26:22.237+0630	done dumping Cherry-k.patients (21923 documents)
2025-12-05T14:26:22.237+0630	writing Cherry-k.stocks to C:\K-Win\Backup\backups\db2\db2_05-12-2025-T-14-24-20\Cherry-k\stocks.bson
2025-12-05T14:26:23.478+0630	[###############.........]  Cherry-k.treatmentvouchers  37178/56549  (65.7%)
2025-12-05T14:26:23.478+0630	[........................]    Clinic-Denovo.comissions    101/17170   (0.6%)
2025-12-05T14:26:23.478+0630	[........................]     Cherry-k.stockhistories    101/15966   (0.6%)
2025-12-05T14:26:23.478+0630	[........................]             Cherry-k.stocks    101/15030   (0.7%)
2025-12-05T14:26:23.478+0630	
2025-12-05T14:26:25.295+0630	[########################]  Cherry-k.stocks  15030/15030  (100.0%)
2025-12-05T14:26:25.295+0630	done dumping Cherry-k.stocks (15030 documents)
2025-12-05T14:26:25.295+0630	writing Clinic-Denovo.accountbalances to C:\K-Win\Backup\backups\db2\db2_05-12-2025-T-14-24-20\Clinic-Denovo\accountbalances.bson
2025-12-05T14:26:26.477+0630	[#################.......]     Cherry-k.treatmentvouchers  41193/56549  (72.8%)
2025-12-05T14:26:26.477+0630	[........................]       Clinic-Denovo.comissions    101/17170   (0.6%)
2025-12-05T14:26:26.477+0630	[........................]        Cherry-k.stockhistories    101/15966   (0.6%)
2025-12-05T14:26:26.477+0630	[........................]  Clinic-Denovo.accountbalances    101/13963   (0.7%)
2025-12-05T14:26:26.477+0630	
2025-12-05T14:26:27.429+0630	[########################]  Clinic-Denovo.accountbalances  13963/13963  (100.0%)
2025-12-05T14:26:27.429+0630	done dumping Clinic-Denovo.accountbalances (13963 documents)
2025-12-05T14:26:27.429+0630	writing Clinic-Denovo.appointments to C:\K-Win\Backup\backups\db2\db2_05-12-2025-T-14-24-20\Clinic-Denovo\appointments.bson
2025-12-05T14:26:29.477+0630	[#################.......]  Cherry-k.treatmentvouchers  41193/56549  (72.8%)
2025-12-05T14:26:29.477+0630	[........................]    Clinic-Denovo.comissions    101/17170   (0.6%)
2025-12-05T14:26:29.477+0630	[........................]     Cherry-k.stockhistories    387/15966   (2.4%)
2025-12-05T14:26:29.477+0630	[........................]  Clinic-Denovo.appointments    101/12844   (0.8%)
2025-12-05T14:26:29.477+0630	
2025-12-05T14:26:32.477+0630	[#################.......]  Cherry-k.treatmentvouchers  41193/56549  (72.8%)
2025-12-05T14:26:32.477+0630	[........................]    Clinic-Denovo.comissions    101/17170   (0.6%)
2025-12-05T14:26:32.477+0630	[........................]     Cherry-k.stockhistories    387/15966   (2.4%)
2025-12-05T14:26:32.477+0630	[........................]  Clinic-Denovo.appointments    101/12844   (0.8%)
2025-12-05T14:26:32.477+0630	
2025-12-05T14:26:32.794+0630	[########################]  Clinic-Denovo.appointments  12844/12844  (100.0%)
2025-12-05T14:26:32.794+0630	done dumping Clinic-Denovo.appointments (12844 documents)
2025-12-05T14:26:32.794+0630	writing Clinic-Denovo.treatmentselections to C:\K-Win\Backup\backups\db2\db2_05-12-2025-T-14-24-20\Clinic-Denovo\treatmentselections.bson
2025-12-05T14:26:33.424+0630	[########################]  Clinic-Denovo.comissions  17170/17170  (100.0%)
2025-12-05T14:26:33.424+0630	done dumping Clinic-Denovo.comissions (17170 documents)
2025-12-05T14:26:33.424+0630	writing Cherry-k.medicineitemrecords to C:\K-Win\Backup\backups\db2\db2_05-12-2025-T-14-24-20\Cherry-k\medicineitemrecords.bson
2025-12-05T14:26:35.477+0630	[#################.......]         Cherry-k.treatmentvouchers  41193/56549  (72.8%)
2025-12-05T14:26:35.477+0630	[........................]            Cherry-k.stockhistories    387/15966   (2.4%)
2025-12-05T14:26:35.477+0630	[........................]  Clinic-Denovo.treatmentselections    101/12651   (0.8%)
2025-12-05T14:26:35.477+0630	[........................]       Cherry-k.medicineitemrecords    101/11498   (0.9%)
2025-12-05T14:26:35.477+0630	
2025-12-05T14:26:36.186+0630	[########################]  Cherry-k.medicineitemrecords  11498/11498  (100.0%)
2025-12-05T14:26:36.187+0630	done dumping Cherry-k.medicineitemrecords (11498 documents)
2025-12-05T14:26:36.187+0630	writing Clinic-Denovo.transactions to C:\K-Win\Backup\backups\db2\db2_05-12-2025-T-14-24-20\Clinic-Denovo\transactions.bson
2025-12-05T14:26:37.094+0630	[########################]  Cherry-k.treatmentvouchers  56549/56549  (100.0%)
2025-12-05T14:26:37.095+0630	done dumping Cherry-k.treatmentvouchers (56549 documents)
2025-12-05T14:26:37.095+0630	writing Cherry-k.comissions to C:\K-Win\Backup\backups\db2\db2_05-12-2025-T-14-24-20\Cherry-k\comissions.bson
2025-12-05T14:26:38.477+0630	[........................]            Cherry-k.stockhistories  387/15966  (2.4%)
2025-12-05T14:26:38.477+0630	[........................]  Clinic-Denovo.treatmentselections  101/12651  (0.8%)
2025-12-05T14:26:38.477+0630	[........................]         Clinic-Denovo.transactions  101/10554  (1.0%)
2025-12-05T14:26:38.477+0630	[........................]                Cherry-k.comissions   101/8263  (1.2%)
2025-12-05T14:26:38.477+0630	
2025-12-05T14:26:39.142+0630	[########################]  Clinic-Denovo.transactions  10554/10554  (100.0%)
2025-12-05T14:26:39.143+0630	done dumping Clinic-Denovo.transactions (10554 documents)
2025-12-05T14:26:39.143+0630	writing Cherry-k.expenses to C:\K-Win\Backup\backups\db2\db2_05-12-2025-T-14-24-20\Cherry-k\expenses.bson
2025-12-05T14:26:39.702+0630	[########################]  Cherry-k.comissions  8263/8263  (100.0%)
2025-12-05T14:26:39.702+0630	done dumping Cherry-k.comissions (8263 documents)
2025-12-05T14:26:39.702+0630	writing Central-Clinic.transactions to C:\K-Win\Backup\backups\db2\db2_05-12-2025-T-14-24-20\Central-Clinic\transactions.bson
2025-12-05T14:26:41.075+0630	done dumping Central-Clinic.transactions (6226 documents)
2025-12-05T14:26:41.076+0630	writing Clinic-Denovo.treatmentvouchers to C:\K-Win\Backup\backups\db2\db2_05-12-2025-T-14-24-20\Clinic-Denovo\treatmentvouchers.bson
2025-12-05T14:26:41.477+0630	[#.......................]            Cherry-k.stockhistories  674/15966  (4.2%)
2025-12-05T14:26:41.477+0630	[........................]  Clinic-Denovo.treatmentselections  101/12651  (0.8%)
2025-12-05T14:26:41.477+0630	[........................]                  Cherry-k.expenses   101/7041  (1.4%)
2025-12-05T14:26:41.477+0630	[........................]    Clinic-Denovo.treatmentvouchers   101/6089  (1.7%)
2025-12-05T14:26:41.477+0630	
2025-12-05T14:26:41.781+0630	[########################]  Cherry-k.expenses  7041/7041  (100.0%)
2025-12-05T14:26:41.781+0630	done dumping Cherry-k.expenses (7041 documents)
2025-12-05T14:26:41.781+0630	writing Clinic-Denovo.repaies to C:\K-Win\Backup\backups\db2\db2_05-12-2025-T-14-24-20\Clinic-Denovo\repaies.bson
2025-12-05T14:26:42.900+0630	done dumping Clinic-Denovo.repaies (5738 documents)
2025-12-05T14:26:42.900+0630	writing Cherry-k.topmostsellingitems to C:\K-Win\Backup\backups\db2\db2_05-12-2025-T-14-24-20\Cherry-k\topmostsellingitems.bson
2025-12-05T14:26:44.024+0630	done dumping Cherry-k.topmostsellingitems (5617 documents)
2025-12-05T14:26:44.024+0630	writing Clinic-Denovo.debts to C:\K-Win\Backup\backups\db2\db2_05-12-2025-T-14-24-20\Clinic-Denovo\debts.bson
2025-12-05T14:26:44.477+0630	[#.......................]            Cherry-k.stockhistories  674/15966  (4.2%)
2025-12-05T14:26:44.477+0630	[........................]  Clinic-Denovo.treatmentselections  101/12651  (0.8%)
2025-12-05T14:26:44.477+0630	[........................]    Clinic-Denovo.treatmentvouchers   101/6089  (1.7%)
2025-12-05T14:26:44.477+0630	[........................]                Clinic-Denovo.debts   101/4814  (2.1%)
2025-12-05T14:26:44.477+0630	
2025-12-05T14:26:45.205+0630	[########################]  Clinic-Denovo.debts  4814/4814  (100.0%)
2025-12-05T14:26:45.205+0630	done dumping Clinic-Denovo.debts (4814 documents)
2025-12-05T14:26:45.205+0630	writing Cherry-k.predictmedicines to C:\K-Win\Backup\backups\db2\db2_05-12-2025-T-14-24-20\Cherry-k\predictmedicines.bson
2025-12-05T14:26:46.240+0630	done dumping Cherry-k.predictmedicines (4765 documents)
2025-12-05T14:26:46.240+0630	writing Cherry-k.stockedittransactions to C:\K-Win\Backup\backups\db2\db2_05-12-2025-T-14-24-20\Cherry-k\stockedittransactions.bson
2025-12-05T14:26:46.369+0630	[########################]  Clinic-Denovo.treatmentselections  12651/12651  (100.0%)
2025-12-05T14:26:46.370+0630	done dumping Clinic-Denovo.treatmentselections (12651 documents)
2025-12-05T14:26:46.370+0630	writing Cherry-k.accessoryitemrecords to C:\K-Win\Backup\backups\db2\db2_05-12-2025-T-14-24-20\Cherry-k\accessoryitemrecords.bson
2025-12-05T14:26:47.477+0630	[#.......................]          Cherry-k.stockhistories  674/15966  (4.2%)
2025-12-05T14:26:47.477+0630	[........................]  Clinic-Denovo.treatmentvouchers   101/6089  (1.7%)
2025-12-05T14:26:47.477+0630	[........................]   Cherry-k.stockedittransactions   101/4108  (2.5%)
2025-12-05T14:26:47.477+0630	[........................]    Cherry-k.accessoryitemrecords   101/3613  (2.8%)
2025-12-05T14:26:47.477+0630	
2025-12-05T14:26:47.678+0630	[########################]  Cherry-k.stockedittransactions  4108/4108  (100.0%)
2025-12-05T14:26:47.679+0630	done dumping Cherry-k.stockedittransactions (4108 documents)
2025-12-05T14:26:47.679+0630	writing Central-Clinic.commissions to C:\K-Win\Backup\backups\db2\db2_05-12-2025-T-14-24-20\Central-Clinic\commissions.bson
2025-12-05T14:26:47.972+0630	[########################]  Clinic-Denovo.treatmentvouchers  6089/6089  (100.0%)
2025-12-05T14:26:47.972+0630	done dumping Clinic-Denovo.treatmentvouchers (6089 documents)
2025-12-05T14:26:47.972+0630	writing Dr-Rejuve.accountbalances to C:\K-Win\Backup\backups\db2\db2_05-12-2025-T-14-24-20\Dr-Rejuve\accountbalances.bson
2025-12-05T14:26:48.479+0630	done dumping Dr-Rejuve.accountbalances (3000 documents)
2025-12-05T14:26:48.479+0630	writing Dr-Rejuve.treatmentselections to C:\K-Win\Backup\backups\db2\db2_05-12-2025-T-14-24-20\Dr-Rejuve\treatmentselections.bson
2025-12-05T14:26:48.520+0630	[########################]  Cherry-k.accessoryitemrecords  3613/3613  (100.0%)
2025-12-05T14:26:48.520+0630	done dumping Cherry-k.accessoryitemrecords (3613 documents)
2025-12-05T14:26:48.520+0630	writing Central-Clinic.patients to C:\K-Win\Backup\backups\db2\db2_05-12-2025-T-14-24-20\Central-Clinic\patients.bson
2025-12-05T14:26:48.542+0630	done dumping Central-Clinic.commissions (3479 documents)
2025-12-05T14:26:48.542+0630	writing Cherry-k.stocktransfers to C:\K-Win\Backup\backups\db2\db2_05-12-2025-T-14-24-20\Cherry-k\stocktransfers.bson
2025-12-05T14:26:48.959+0630	done dumping Central-Clinic.patients (2233 documents)
2025-12-05T14:26:48.959+0630	writing Clinic-Denovo.patients to C:\K-Win\Backup\backups\db2\db2_05-12-2025-T-14-24-20\Clinic-Denovo\patients.bson
2025-12-05T14:26:49.865+0630	done dumping Clinic-Denovo.patients (2223 documents)
2025-12-05T14:26:49.865+0630	writing Cherry-k.stockrequests to C:\K-Win\Backup\backups\db2\db2_05-12-2025-T-14-24-20\Cherry-k\stockrequests.bson
2025-12-05T14:26:50.477+0630	[#.......................]        Cherry-k.stockhistories  674/15966  (4.2%)
2025-12-05T14:26:50.477+0630	[........................]  Dr-Rejuve.treatmentselections   101/2900  (3.5%)
2025-12-05T14:26:50.477+0630	[#.......................]        Cherry-k.stocktransfers   101/2229  (4.5%)
2025-12-05T14:26:50.477+0630	[#.......................]         Cherry-k.stockrequests   101/2214  (4.6%)
2025-12-05T14:26:50.477+0630	
2025-12-05T14:26:51.511+0630	[########################]  Cherry-k.stockrequests  2214/2214  (100.0%)
2025-12-05T14:26:51.511+0630	done dumping Cherry-k.stockrequests (2214 documents)
2025-12-05T14:26:51.511+0630	writing Dr-Rejuve.transactions to C:\K-Win\Backup\backups\db2\db2_05-12-2025-T-14-24-20\Dr-Rejuve\transactions.bson
2025-12-05T14:26:51.865+0630	done dumping Dr-Rejuve.transactions (2126 documents)
2025-12-05T14:26:51.865+0630	writing Central-Clinic.vouchers to C:\K-Win\Backup\backups\db2\db2_05-12-2025-T-14-24-20\Central-Clinic\vouchers.bson
2025-12-05T14:26:53.287+0630	done dumping Central-Clinic.vouchers (1895 documents)
2025-12-05T14:26:53.287+0630	writing Clinic-Denovo.logs to C:\K-Win\Backup\backups\db2\db2_05-12-2025-T-14-24-20\Clinic-Denovo\logs.bson
2025-12-05T14:26:53.477+0630	[#.......................]        Cherry-k.stockhistories  960/15966  (6.0%)
2025-12-05T14:26:53.477+0630	[........................]  Dr-Rejuve.treatmentselections   101/2900  (3.5%)
2025-12-05T14:26:53.477+0630	[#.......................]        Cherry-k.stocktransfers   147/2229  (6.6%)
2025-12-05T14:26:53.477+0630	[#.......................]             Clinic-Denovo.logs   101/1888  (5.3%)
2025-12-05T14:26:53.477+0630	
2025-12-05T14:26:53.504+0630	[########################]  Cherry-k.stocktransfers  2229/2229  (100.0%)
2025-12-05T14:26:53.505+0630	done dumping Cherry-k.stocktransfers (2229 documents)
2025-12-05T14:26:53.505+0630	writing Cherry-k.accountinglists to C:\K-Win\Backup\backups\db2\db2_05-12-2025-T-14-24-20\Cherry-k\accountinglists.bson
2025-12-05T14:26:53.654+0630	[########################]  Clinic-Denovo.logs  1888/1888  (100.0%)
2025-12-05T14:26:53.654+0630	done dumping Clinic-Denovo.logs (1888 documents)
2025-12-05T14:26:53.654+0630	writing Cherry-k.treatmentpackageselections to C:\K-Win\Backup\backups\db2\db2_05-12-2025-T-14-24-20\Cherry-k\treatmentpackageselections.bson
2025-12-05T14:26:54.025+0630	done dumping Cherry-k.accountinglists (1423 documents)
2025-12-05T14:26:54.025+0630	writing hrmfactory.attendances to C:\K-Win\Backup\backups\db2\db2_05-12-2025-T-14-24-20\hrmfactory\attendances.bson
2025-12-05T14:26:54.158+0630	done dumping Cherry-k.treatmentpackageselections (1384 documents)
2025-12-05T14:26:54.158+0630	writing Cherry-k.debts to C:\K-Win\Backup\backups\db2\db2_05-12-2025-T-14-24-20\Cherry-k\debts.bson
2025-12-05T14:26:54.405+0630	done dumping Cherry-k.debts (1241 documents)
2025-12-05T14:26:54.405+0630	writing Cherry-k.procedurehistories to C:\K-Win\Backup\backups\db2\db2_05-12-2025-T-14-24-20\Cherry-k\procedurehistories.bson
2025-12-05T14:26:54.642+0630	done dumping hrmfactory.attendances (1321 documents)
2025-12-05T14:26:54.642+0630	writing Cherry-k.kmaxvouchers to C:\K-Win\Backup\backups\db2\db2_05-12-2025-T-14-24-20\Cherry-k\kmaxvouchers.bson
2025-12-05T14:26:54.727+0630	done dumping Cherry-k.procedurehistories (1213 documents)
2025-12-05T14:26:54.727+0630	writing Cherry-k.purchases to C:\K-Win\Backup\backups\db2\db2_05-12-2025-T-14-24-20\Cherry-k\purchases.bson
2025-12-05T14:26:55.117+0630	done dumping Cherry-k.purchases (1070 documents)
2025-12-05T14:26:55.117+0630	writing Dr-Rejuve.logs to C:\K-Win\Backup\backups\db2\db2_05-12-2025-T-14-24-20\Dr-Rejuve\logs.bson
2025-12-05T14:26:55.386+0630	done dumping Dr-Rejuve.logs (1064 documents)
2025-12-05T14:26:55.386+0630	writing Dr-Rejuve.treatmentvouchers to C:\K-Win\Backup\backups\db2\db2_05-12-2025-T-14-24-20\Dr-Rejuve\treatmentvouchers.bson
2025-12-05T14:26:55.514+0630	done dumping Cherry-k.kmaxvouchers (1157 documents)
2025-12-05T14:26:55.514+0630	writing Cherry-k.purchaserequests to C:\K-Win\Backup\backups\db2\db2_05-12-2025-T-14-24-20\Cherry-k\purchaserequests.bson
2025-12-05T14:26:55.960+0630	done dumping Dr-Rejuve.treatmentvouchers (1062 documents)
2025-12-05T14:26:55.961+0630	writing HRM.attendances to C:\K-Win\Backup\backups\db2\db2_05-12-2025-T-14-24-20\HRM\attendances.bson
2025-12-05T14:26:56.198+0630	done dumping HRM.attendances (933 documents)
2025-12-05T14:26:56.198+0630	writing Cherry-k.attachments to C:\K-Win\Backup\backups\db2\db2_05-12-2025-T-14-24-20\Cherry-k\attachments.bson
2025-12-05T14:26:56.390+0630	done dumping Cherry-k.attachments (876 documents)
2025-12-05T14:26:56.390+0630	writing Cherry-k.dentaltreatmentselections to C:\K-Win\Backup\backups\db2\db2_05-12-2025-T-14-24-20\Cherry-k\dentaltreatmentselections.bson
2025-12-05T14:26:56.478+0630	[#.......................]             Cherry-k.stockhistories  960/15966  (6.0%)
2025-12-05T14:26:56.479+0630	[........................]       Dr-Rejuve.treatmentselections   101/2900  (3.5%)
2025-12-05T14:26:56.479+0630	[........................]           Cherry-k.purchaserequests     0/1052  (0.0%)
2025-12-05T14:26:56.479+0630	[........................]  Cherry-k.dentaltreatmentselections      0/841  (0.0%)
2025-12-05T14:26:56.479+0630	
2025-12-05T14:26:56.738+0630	[########################]  Cherry-k.dentaltreatmentselections  841/841  (100.0%)
2025-12-05T14:26:56.738+0630	done dumping Cherry-k.dentaltreatmentselections (841 documents)
2025-12-05T14:26:56.738+0630	writing Cherry-k.transfers to C:\K-Win\Backup\backups\db2\db2_05-12-2025-T-14-24-20\Cherry-k\transfers.bson
2025-12-05T14:26:57.023+0630	done dumping Cherry-k.transfers (769 documents)
2025-12-05T14:26:57.023+0630	writing Cherry-k.treatments to C:\K-Win\Backup\backups\db2\db2_05-12-2025-T-14-24-20\Cherry-k\treatments.bson
2025-12-05T14:26:57.335+0630	done dumping Cherry-k.treatments (706 documents)
2025-12-05T14:26:57.335+0630	writing HRM.attachments to C:\K-Win\Backup\backups\db2\db2_05-12-2025-T-14-24-20\HRM\attachments.bson
2025-12-05T14:26:57.463+0630	[########################]  Cherry-k.purchaserequests  1052/1052  (100.0%)
2025-12-05T14:26:57.465+0630	done dumping Cherry-k.purchaserequests (1052 documents)
2025-12-05T14:26:57.465+0630	writing Clinic-Denovo.treatments to C:\K-Win\Backup\backups\db2\db2_05-12-2025-T-14-24-20\Clinic-Denovo\treatments.bson
2025-12-05T14:26:57.577+0630	done dumping HRM.attachments (686 documents)
2025-12-05T14:26:57.577+0630	writing Clinic-Denovo.usagerecords to C:\K-Win\Backup\backups\db2\db2_05-12-2025-T-14-24-20\Clinic-Denovo\usagerecords.bson
2025-12-05T14:26:57.815+0630	done dumping Clinic-Denovo.usagerecords (623 documents)
2025-12-05T14:26:57.815+0630	writing Clinic-Denovo.usages to C:\K-Win\Backup\backups\db2\db2_05-12-2025-T-14-24-20\Clinic-Denovo\usages.bson
2025-12-05T14:26:57.838+0630	done dumping Clinic-Denovo.treatments (637 documents)
2025-12-05T14:26:57.838+0630	writing Cherry-k.procedureitems to C:\K-Win\Backup\backups\db2\db2_05-12-2025-T-14-24-20\Cherry-k\procedureitems.bson
2025-12-05T14:26:58.050+0630	done dumping Clinic-Denovo.usages (599 documents)
2025-12-05T14:26:58.050+0630	writing Dr-Rejuve.treatments to C:\K-Win\Backup\backups\db2\db2_05-12-2025-T-14-24-20\Dr-Rejuve\treatments.bson
2025-12-05T14:26:58.183+0630	done dumping Cherry-k.procedureitems (539 documents)
2025-12-05T14:26:58.183+0630	writing Cherry-k.repayments to C:\K-Win\Backup\backups\db2\db2_05-12-2025-T-14-24-20\Cherry-k\repayments.bson
2025-12-05T14:26:58.275+0630	done dumping Dr-Rejuve.treatments (535 documents)
2025-12-05T14:26:58.275+0630	writing Cherry-k.transfertohorequests to C:\K-Win\Backup\backups\db2\db2_05-12-2025-T-14-24-20\Cherry-k\transfertohorequests.bson
2025-12-05T14:26:58.493+0630	done dumping Cherry-k.transfertohorequests (432 documents)
2025-12-05T14:26:58.493+0630	writing Cherry-k.transfertohos to C:\K-Win\Backup\backups\db2\db2_05-12-2025-T-14-24-20\Cherry-k\transfertohos.bson
2025-12-05T14:26:58.526+0630	done dumping Cherry-k.repayments (469 documents)
2025-12-05T14:26:58.526+0630	writing Central-Clinic.services to C:\K-Win\Backup\backups\db2\db2_05-12-2025-T-14-24-20\Central-Clinic\services.bson
2025-12-05T14:26:58.738+0630	done dumping Cherry-k.transfertohos (429 documents)
2025-12-05T14:26:58.738+0630	writing Cherry-k.accessoryitems to C:\K-Win\Backup\backups\db2\db2_05-12-2025-T-14-24-20\Cherry-k\accessoryitems.bson
2025-12-05T14:26:58.901+0630	done dumping Central-Clinic.services (425 documents)
2025-12-05T14:26:58.901+0630	writing wallet.treatments to C:\K-Win\Backup\backups\db2\db2_05-12-2025-T-14-24-20\wallet\treatments.bson
2025-12-05T14:26:59.000+0630	done dumping Cherry-k.accessoryitems (418 documents)
2025-12-05T14:26:59.000+0630	writing Clinic-Denovo.accountinglists to C:\K-Win\Backup\backups\db2\db2_05-12-2025-T-14-24-20\Clinic-Denovo\accountinglists.bson
2025-12-05T14:26:59.189+0630	done dumping wallet.treatments (414 documents)
2025-12-05T14:26:59.189+0630	writing Cherry-k.procedureitemrecords to C:\K-Win\Backup\backups\db2\db2_05-12-2025-T-14-24-20\Cherry-k\procedureitemrecords.bson
2025-12-05T14:26:59.243+0630	done dumping Clinic-Denovo.accountinglists (387 documents)
2025-12-05T14:26:59.243+0630	writing kwin-crm.features to C:\K-Win\Backup\backups\db2\db2_05-12-2025-T-14-24-20\kwin-crm\features.bson
2025-12-05T14:26:59.448+0630	done dumping Cherry-k.procedureitemrecords (363 documents)
2025-12-05T14:26:59.448+0630	writing Central-Clinic.doctors to C:\K-Win\Backup\backups\db2\db2_05-12-2025-T-14-24-20\Central-Clinic\doctors.bson
2025-12-05T14:26:59.477+0630	[#.......................]        Cherry-k.stockhistories  960/15966   (6.0%)
2025-12-05T14:26:59.477+0630	[........................]  Dr-Rejuve.treatmentselections   101/2900   (3.5%)
2025-12-05T14:26:59.477+0630	[######..................]              kwin-crm.features    101/363  (27.8%)
2025-12-05T14:26:59.477+0630	
2025-12-05T14:26:59.484+0630	[########################]  kwin-crm.features  363/363  (100.0%)
2025-12-05T14:26:59.484+0630	done dumping kwin-crm.features (363 documents)
2025-12-05T14:26:59.484+0630	writing Dr-Rejuve.patients to C:\K-Win\Backup\backups\db2\db2_05-12-2025-T-14-24-20\Dr-Rejuve\patients.bson
2025-12-05T14:26:59.707+0630	done dumping Central-Clinic.doctors (361 documents)
2025-12-05T14:26:59.707+0630	writing hla.transactions to C:\K-Win\Backup\backups\db2\db2_05-12-2025-T-14-24-20\hla\transactions.bson
2025-12-05T14:26:59.724+0630	done dumping Dr-Rejuve.patients (357 documents)
2025-12-05T14:26:59.724+0630	writing Clinic-Denovo.incomes to C:\K-Win\Backup\backups\db2\db2_05-12-2025-T-14-24-20\Clinic-Denovo\incomes.bson
2025-12-05T14:26:59.941+0630	done dumping Clinic-Denovo.incomes (273 documents)
2025-12-05T14:26:59.942+0630	writing medical-hrm.attendances to C:\K-Win\Backup\backups\db2\db2_05-12-2025-T-14-24-20\medical-hrm\attendances.bson
2025-12-05T14:27:00.024+0630	done dumping hla.transactions (310 documents)
2025-12-05T14:27:00.024+0630	writing Clinic-Denovo.medicineitems to C:\K-Win\Backup\backups\db2\db2_05-12-2025-T-14-24-20\Clinic-Denovo\medicineitems.bson
2025-12-05T14:27:00.204+0630	done dumping medical-hrm.attendances (257 documents)
2025-12-05T14:27:00.204+0630	writing Cherry-k.medicineitems to C:\K-Win\Backup\backups\db2\db2_05-12-2025-T-14-24-20\Cherry-k\medicineitems.bson
2025-12-05T14:27:00.254+0630	done dumping Clinic-Denovo.medicineitems (233 documents)
2025-12-05T14:27:00.254+0630	writing hla.treatments to C:\K-Win\Backup\backups\db2\db2_05-12-2025-T-14-24-20\hla\treatments.bson
2025-12-05T14:27:00.379+0630	done dumping Cherry-k.medicineitems (211 documents)
2025-12-05T14:27:00.379+0630	writing Clinic-Denovo-test.medicineitems to C:\K-Win\Backup\backups\db2\db2_05-12-2025-T-14-24-20\Clinic-Denovo-test\medicineitems.bson
2025-12-05T14:27:00.464+0630	done dumping hla.treatments (200 documents)
2025-12-05T14:27:00.464+0630	writing hla.stocks to C:\K-Win\Backup\backups\db2\db2_05-12-2025-T-14-24-20\hla\stocks.bson
2025-12-05T14:27:00.561+0630	done dumping Clinic-Denovo-test.medicineitems (188 documents)
2025-12-05T14:27:00.561+0630	writing Dr-Rejuve.medicineitems to C:\K-Win\Backup\backups\db2\db2_05-12-2025-T-14-24-20\Dr-Rejuve\medicineitems.bson
2025-12-05T14:27:00.674+0630	done dumping hla.stocks (172 documents)
2025-12-05T14:27:00.674+0630	writing Cherry-k.dismissitemfromhos to C:\K-Win\Backup\backups\db2\db2_05-12-2025-T-14-24-20\Cherry-k\dismissitemfromhos.bson
2025-12-05T14:27:00.740+0630	done dumping Dr-Rejuve.medicineitems (170 documents)
2025-12-05T14:27:00.740+0630	writing Dr-Rejuve.admincreatetreatments to C:\K-Win\Backup\backups\db2\db2_05-12-2025-T-14-24-20\Dr-Rejuve\admincreatetreatments.bson
2025-12-05T14:27:00.886+0630	done dumping Cherry-k.dismissitemfromhos (166 documents)
2025-12-05T14:27:00.886+0630	writing Cherry-k.dentaltreatments to C:\K-Win\Backup\backups\db2\db2_05-12-2025-T-14-24-20\Cherry-k\dentaltreatments.bson
2025-12-05T14:27:00.914+0630	done dumping Dr-Rejuve.admincreatetreatments (165 documents)
2025-12-05T14:27:00.914+0630	writing HRM.positions to C:\K-Win\Backup\backups\db2\db2_05-12-2025-T-14-24-20\HRM\positions.bson
2025-12-05T14:27:01.088+0630	done dumping HRM.positions (157 documents)
2025-12-05T14:27:01.088+0630	writing Cherry-k.therapists to C:\K-Win\Backup\backups\db2\db2_05-12-2025-T-14-24-20\Cherry-k\therapists.bson
2025-12-05T14:27:01.094+0630	done dumping Cherry-k.dentaltreatments (162 documents)
2025-12-05T14:27:01.094+0630	writing Clinic-Denovo.packageselections to C:\K-Win\Backup\backups\db2\db2_05-12-2025-T-14-24-20\Clinic-Denovo\packageselections.bson
2025-12-05T14:27:01.272+0630	done dumping Cherry-k.therapists (154 documents)
2025-12-05T14:27:01.272+0630	writing Clinic-Denovo.procedureitems to C:\K-Win\Backup\backups\db2\db2_05-12-2025-T-14-24-20\Clinic-Denovo\procedureitems.bson
2025-12-05T14:27:01.306+0630	done dumping Clinic-Denovo.packageselections (152 documents)
2025-12-05T14:27:01.306+0630	writing Cherry-k.generalitems to C:\K-Win\Backup\backups\db2\db2_05-12-2025-T-14-24-20\Cherry-k\generalitems.bson
2025-12-05T14:27:01.476+0630	done dumping Clinic-Denovo.procedureitems (151 documents)
2025-12-05T14:27:01.476+0630	writing Cherry-k.proceduremedicines to C:\K-Win\Backup\backups\db2\db2_05-12-2025-T-14-24-20\Cherry-k\proceduremedicines.bson
2025-12-05T14:27:01.539+0630	done dumping Cherry-k.generalitems (151 documents)
2025-12-05T14:27:01.539+0630	writing hrmfactory.users to C:\K-Win\Backup\backups\db2\db2_05-12-2025-T-14-24-20\hrmfactory\users.bson
2025-12-05T14:27:01.676+0630	done dumping Cherry-k.proceduremedicines (113 documents)
2025-12-05T14:27:01.676+0630	writing Cherry-k.incomes to C:\K-Win\Backup\backups\db2\db2_05-12-2025-T-14-24-20\Cherry-k\incomes.bson
2025-12-05T14:27:01.789+0630	done dumping hrmfactory.users (113 documents)
2025-12-05T14:27:01.789+0630	writing medical-hrm.attachments to C:\K-Win\Backup\backups\db2\db2_05-12-2025-T-14-24-20\medical-hrm\attachments.bson
2025-12-05T14:27:01.883+0630	done dumping Cherry-k.incomes (112 documents)
2025-12-05T14:27:01.883+0630	writing hla.medicineitems to C:\K-Win\Backup\backups\db2\db2_05-12-2025-T-14-24-20\hla\medicineitems.bson
2025-12-05T14:27:02.018+0630	done dumping hla.medicineitems (99 documents)
2025-12-05T14:27:02.018+0630	writing Cherry-k.doctors to C:\K-Win\Backup\backups\db2\db2_05-12-2025-T-14-24-20\Cherry-k\doctors.bson
2025-12-05T14:27:02.030+0630	done dumping medical-hrm.attachments (110 documents)
2025-12-05T14:27:02.030+0630	writing Cherry-k.refundpackages to C:\K-Win\Backup\backups\db2\db2_05-12-2025-T-14-24-20\Cherry-k\refundpackages.bson
2025-12-05T14:27:02.142+0630	done dumping Cherry-k.doctors (91 documents)
2025-12-05T14:27:02.142+0630	writing Cherry-k.salereturns to C:\K-Win\Backup\backups\db2\db2_05-12-2025-T-14-24-20\Cherry-k\salereturns.bson
2025-12-05T14:27:02.177+0630	done dumping Cherry-k.refundpackages (89 documents)
2025-12-05T14:27:02.177+0630	writing Dr-Rejuve.accountinglists to C:\K-Win\Backup\backups\db2\db2_05-12-2025-T-14-24-20\Dr-Rejuve\accountinglists.bson
2025-12-05T14:27:02.264+0630	done dumping Cherry-k.salereturns (87 documents)
2025-12-05T14:27:02.264+0630	writing Cherry-k.treatmentlists to C:\K-Win\Backup\backups\db2\db2_05-12-2025-T-14-24-20\Cherry-k\treatmentlists.bson
2025-12-05T14:27:02.317+0630	done dumping Dr-Rejuve.accountinglists (87 documents)
2025-12-05T14:27:02.317+0630	writing Dr-Rejuve.debts to C:\K-Win\Backup\backups\db2\db2_05-12-2025-T-14-24-20\Dr-Rejuve\debts.bson
2025-12-05T14:27:02.394+0630	done dumping Cherry-k.treatmentlists (82 documents)
2025-12-05T14:27:02.395+0630	writing hla.attachments to C:\K-Win\Backup\backups\db2\db2_05-12-2025-T-14-24-20\hla\attachments.bson
2025-12-05T14:27:02.477+0630	[#.......................]        Cherry-k.stockhistories  1246/15966   (7.8%)
2025-12-05T14:27:02.477+0630	[#############...........]  Dr-Rejuve.treatmentselections   1627/2900  (56.1%)
2025-12-05T14:27:02.477+0630	[........................]                Dr-Rejuve.debts        0/81   (0.0%)
2025-12-05T14:27:02.477+0630	[........................]                hla.attachments        0/78   (0.0%)
2025-12-05T14:27:02.477+0630	
2025-12-05T14:27:02.481+0630	[########################]  Dr-Rejuve.debts  81/81  (100.0%)
2025-12-05T14:27:02.482+0630	done dumping Dr-Rejuve.debts (81 documents)
2025-12-05T14:27:02.482+0630	writing hla.procedureitems to C:\K-Win\Backup\backups\db2\db2_05-12-2025-T-14-24-20\hla\procedureitems.bson
2025-12-05T14:27:02.536+0630	[########################]  hla.attachments  78/78  (100.0%)
2025-12-05T14:27:02.536+0630	done dumping hla.attachments (78 documents)
2025-12-05T14:27:02.536+0630	writing Cherry-k.medicinelists to C:\K-Win\Backup\backups\db2\db2_05-12-2025-T-14-24-20\Cherry-k\medicinelists.bson
2025-12-05T14:27:02.643+0630	done dumping hla.procedureitems (77 documents)
2025-12-05T14:27:02.643+0630	writing hla.purchases to C:\K-Win\Backup\backups\db2\db2_05-12-2025-T-14-24-20\hla\purchases.bson
2025-12-05T14:27:02.678+0630	done dumping Cherry-k.medicinelists (74 documents)
2025-12-05T14:27:02.678+0630	writing hla.accessoryitems to C:\K-Win\Backup\backups\db2\db2_05-12-2025-T-14-24-20\hla\accessoryitems.bson
2025-12-05T14:27:02.812+0630	done dumping hla.purchases (74 documents)
2025-12-05T14:27:02.812+0630	writing Cherry-k.repayrecords to C:\K-Win\Backup\backups\db2\db2_05-12-2025-T-14-24-20\Cherry-k\repayrecords.bson
2025-12-05T14:27:02.823+0630	done dumping hla.accessoryitems (72 documents)
2025-12-05T14:27:02.823+0630	writing kwin-crm.modules to C:\K-Win\Backup\backups\db2\db2_05-12-2025-T-14-24-20\kwin-crm\modules.bson
2025-12-05T14:27:02.964+0630	done dumping kwin-crm.modules (65 documents)
2025-12-05T14:27:02.964+0630	writing Cherry-k.nurses to C:\K-Win\Backup\backups\db2\db2_05-12-2025-T-14-24-20\Cherry-k\nurses.bson
2025-12-05T14:27:02.984+0630	done dumping Cherry-k.repayrecords (69 documents)
2025-12-05T14:27:02.984+0630	writing Cherry-k.accountheaders to C:\K-Win\Backup\backups\db2\db2_05-12-2025-T-14-24-20\Cherry-k\accountheaders.bson
2025-12-05T14:27:03.107+0630	done dumping Cherry-k.nurses (62 documents)
2025-12-05T14:27:03.107+0630	writing HRM.leaves to C:\K-Win\Backup\backups\db2\db2_05-12-2025-T-14-24-20\HRM\leaves.bson
2025-12-05T14:27:03.154+0630	done dumping Cherry-k.accountheaders (60 documents)
2025-12-05T14:27:03.154+0630	writing Clinic-Denovo.attachments to C:\K-Win\Backup\backups\db2\db2_05-12-2025-T-14-24-20\Clinic-Denovo\attachments.bson
2025-12-05T14:27:03.251+0630	done dumping HRM.leaves (57 documents)
2025-12-05T14:27:03.251+0630	writing Central-Clinic.accountinglists to C:\K-Win\Backup\backups\db2\db2_05-12-2025-T-14-24-20\Central-Clinic\accountinglists.bson
2025-12-05T14:27:03.317+0630	done dumping Clinic-Denovo.attachments (56 documents)
2025-12-05T14:27:03.317+0630	writing hla.damageditems to C:\K-Win\Backup\backups\db2\db2_05-12-2025-T-14-24-20\hla\damageditems.bson
2025-12-05T14:27:03.377+0630	done dumping Central-Clinic.accountinglists (56 documents)
2025-12-05T14:27:03.377+0630	writing Cherry-k.descriptions to C:\K-Win\Backup\backups\db2\db2_05-12-2025-T-14-24-20\Cherry-k\descriptions.bson
2025-12-05T14:27:03.465+0630	done dumping hla.damageditems (55 documents)
2025-12-05T14:27:03.465+0630	writing Clinic-Denovo.accountheaders to C:\K-Win\Backup\backups\db2\db2_05-12-2025-T-14-24-20\Clinic-Denovo\accountheaders.bson
2025-12-05T14:27:03.503+0630	done dumping Cherry-k.descriptions (54 documents)
2025-12-05T14:27:03.503+0630	writing hrmfactory.positions to C:\K-Win\Backup\backups\db2\db2_05-12-2025-T-14-24-20\hrmfactory\positions.bson
2025-12-05T14:27:03.626+0630	done dumping Clinic-Denovo.accountheaders (53 documents)
2025-12-05T14:27:03.626+0630	writing Cherry-k.brands to C:\K-Win\Backup\backups\db2\db2_05-12-2025-T-14-24-20\Cherry-k\brands.bson
2025-12-05T14:27:03.657+0630	done dumping hrmfactory.positions (53 documents)
2025-12-05T14:27:03.657+0630	writing Dr-Rejuve.appointments to C:\K-Win\Backup\backups\db2\db2_05-12-2025-T-14-24-20\Dr-Rejuve\appointments.bson
2025-12-05T14:27:03.789+0630	done dumping Cherry-k.brands (52 documents)
2025-12-05T14:27:03.789+0630	writing hla.treatmentselections to C:\K-Win\Backup\backups\db2\db2_05-12-2025-T-14-24-20\hla\treatmentselections.bson
2025-12-05T14:27:03.799+0630	done dumping Dr-Rejuve.appointments (52 documents)
2025-12-05T14:27:03.799+0630	writing hrmfactory.payrolls to C:\K-Win\Backup\backups\db2\db2_05-12-2025-T-14-24-20\hrmfactory\payrolls.bson
2025-12-05T14:27:03.931+0630	done dumping hrmfactory.payrolls (50 documents)
2025-12-05T14:27:03.931+0630	writing Central-Clinic.reagentitems to C:\K-Win\Backup\backups\db2\db2_05-12-2025-T-14-24-20\Central-Clinic\reagentitems.bson
2025-12-05T14:27:03.963+0630	done dumping hla.treatmentselections (51 documents)
2025-12-05T14:27:03.963+0630	writing Dr-Rejuve.pointhistories to C:\K-Win\Backup\backups\db2\db2_05-12-2025-T-14-24-20\Dr-Rejuve\pointhistories.bson
2025-12-05T14:27:04.059+0630	done dumping Central-Clinic.reagentitems (50 documents)
2025-12-05T14:27:04.059+0630	writing Cherry-k.generalitemrecords to C:\K-Win\Backup\backups\db2\db2_05-12-2025-T-14-24-20\Cherry-k\generalitemrecords.bson
2025-12-05T14:27:04.120+0630	done dumping Dr-Rejuve.pointhistories (50 documents)
2025-12-05T14:27:04.120+0630	writing hla.usages to C:\K-Win\Backup\backups\db2\db2_05-12-2025-T-14-24-20\hla\usages.bson
2025-12-05T14:27:04.204+0630	done dumping Cherry-k.generalitemrecords (48 documents)
2025-12-05T14:27:04.205+0630	writing hla.treatmentvouchers to C:\K-Win\Backup\backups\db2\db2_05-12-2025-T-14-24-20\hla\treatmentvouchers.bson
2025-12-05T14:27:04.298+0630	done dumping hla.usages (47 documents)
2025-12-05T14:27:04.298+0630	writing hla.procedurehistories to C:\K-Win\Backup\backups\db2\db2_05-12-2025-T-14-24-20\hla\procedurehistories.bson
2025-12-05T14:27:04.361+0630	done dumping hla.treatmentvouchers (46 documents)
2025-12-05T14:27:04.361+0630	writing Cherry-k.blogs to C:\K-Win\Backup\backups\db2\db2_05-12-2025-T-14-24-20\Cherry-k\blogs.bson
2025-12-05T14:27:04.478+0630	done dumping hla.procedurehistories (45 documents)
2025-12-05T14:27:04.478+0630	writing hla.usagerecords to C:\K-Win\Backup\backups\db2\db2_05-12-2025-T-14-24-20\hla\usagerecords.bson
2025-12-05T14:27:04.515+0630	done dumping Cherry-k.blogs (45 documents)
2025-12-05T14:27:04.515+0630	writing Cherry-k.categories to C:\K-Win\Backup\backups\db2\db2_05-12-2025-T-14-24-20\Cherry-k\categories.bson
2025-12-05T14:27:04.644+0630	done dumping hla.usagerecords (43 documents)
2025-12-05T14:27:04.644+0630	writing Central-Clinic.transfers to C:\K-Win\Backup\backups\db2\db2_05-12-2025-T-14-24-20\Central-Clinic\transfers.bson
2025-12-05T14:27:04.656+0630	done dumping Cherry-k.categories (42 documents)
2025-12-05T14:27:04.656+0630	writing kwin-crm.appointments to C:\K-Win\Backup\backups\db2\db2_05-12-2025-T-14-24-20\kwin-crm\appointments.bson
2025-12-05T14:27:04.786+0630	done dumping kwin-crm.appointments (40 documents)
2025-12-05T14:27:04.786+0630	writing medical-hrm.positions to C:\K-Win\Backup\backups\db2\db2_05-12-2025-T-14-24-20\medical-hrm\positions.bson
2025-12-05T14:27:04.801+0630	done dumping Central-Clinic.transfers (41 documents)
2025-12-05T14:27:04.801+0630	writing kwin-crm.customers to C:\K-Win\Backup\backups\db2\db2_05-12-2025-T-14-24-20\kwin-crm\customers.bson
2025-12-05T14:27:04.932+0630	done dumping medical-hrm.positions (39 documents)
2025-12-05T14:27:04.932+0630	writing Central-Clinic.categories to C:\K-Win\Backup\backups\db2\db2_05-12-2025-T-14-24-20\Central-Clinic\categories.bson
2025-12-05T14:27:04.991+0630	done dumping kwin-crm.customers (37 documents)
2025-12-05T14:27:04.991+0630	writing Clinic-Denovo.categories to C:\K-Win\Backup\backups\db2\db2_05-12-2025-T-14-24-20\Clinic-Denovo\categories.bson
2025-12-05T14:27:05.098+0630	done dumping Central-Clinic.categories (37 documents)
2025-12-05T14:27:05.098+0630	writing Cherry-k.accounttypes to C:\K-Win\Backup\backups\db2\db2_05-12-2025-T-14-24-20\Cherry-k\accounttypes.bson
2025-12-05T14:27:05.184+0630	done dumping Clinic-Denovo.categories (37 documents)
2025-12-05T14:27:05.184+0630	writing Central-Clinic.attachments to C:\K-Win\Backup\backups\db2\db2_05-12-2025-T-14-24-20\Central-Clinic\attachments.bson
2025-12-05T14:27:05.266+0630	done dumping Cherry-k.accounttypes (36 documents)
2025-12-05T14:27:05.266+0630	writing Cherry-k.users to C:\K-Win\Backup\backups\db2\db2_05-12-2025-T-14-24-20\Cherry-k\users.bson
2025-12-05T14:27:05.370+0630	done dumping Central-Clinic.attachments (35 documents)
2025-12-05T14:27:05.370+0630	writing Cherry-k.subcategories to C:\K-Win\Backup\backups\db2\db2_05-12-2025-T-14-24-20\Cherry-k\subcategories.bson
2025-12-05T14:27:05.430+0630	done dumping Cherry-k.users (35 documents)
2025-12-05T14:27:05.430+0630	writing Central-Clinic.reagents to C:\K-Win\Backup\backups\db2\db2_05-12-2025-T-14-24-20\Central-Clinic\reagents.bson
2025-12-05T14:27:05.479+0630	[#.......................]        Cherry-k.stockhistories  1246/15966   (7.8%)
2025-12-05T14:27:05.479+0630	[#############...........]  Dr-Rejuve.treatmentselections   1627/2900  (56.1%)
2025-12-05T14:27:05.479+0630	[........................]         Cherry-k.subcategories        0/35   (0.0%)
2025-12-05T14:27:05.479+0630	
2025-12-05T14:27:05.550+0630	[########################]  Cherry-k.subcategories  35/35  (100.0%)
2025-12-05T14:27:05.550+0630	done dumping Cherry-k.subcategories (35 documents)
2025-12-05T14:27:05.550+0630	writing Cherry-k.treatmentpackages to C:\K-Win\Backup\backups\db2\db2_05-12-2025-T-14-24-20\Cherry-k\treatmentpackages.bson
2025-12-05T14:27:05.573+0630	done dumping Central-Clinic.reagents (35 documents)
2025-12-05T14:27:05.573+0630	writing Cherry-k.procedureaccessories to C:\K-Win\Backup\backups\db2\db2_05-12-2025-T-14-24-20\Cherry-k\procedureaccessories.bson
2025-12-05T14:27:05.802+0630	done dumping Cherry-k.procedureaccessories (33 documents)
2025-12-05T14:27:05.802+0630	writing medical-hrm.users to C:\K-Win\Backup\backups\db2\db2_05-12-2025-T-14-24-20\medical-hrm\users.bson
2025-12-05T14:27:08.478+0630	[#.......................]        Cherry-k.stockhistories  1246/15966   (7.8%)
2025-12-05T14:27:08.478+0630	[#############...........]  Dr-Rejuve.treatmentselections   1627/2900  (56.1%)
2025-12-05T14:27:08.478+0630	[........................]     Cherry-k.treatmentpackages        0/33   (0.0%)
2025-12-05T14:27:08.478+0630	
2025-12-05T14:27:11.477+0630	[#.......................]        Cherry-k.stockhistories  1246/15966   (7.8%)
2025-12-05T14:27:11.477+0630	[#############...........]  Dr-Rejuve.treatmentselections   1627/2900  (56.1%)
2025-12-05T14:27:11.477+0630	[........................]     Cherry-k.treatmentpackages        0/33   (0.0%)
2025-12-05T14:27:11.477+0630	
2025-12-05T14:27:14.477+0630	[#.......................]        Cherry-k.stockhistories  1246/15966   (7.8%)
2025-12-05T14:27:14.477+0630	[#############...........]  Dr-Rejuve.treatmentselections   1627/2900  (56.1%)
2025-12-05T14:27:14.477+0630	[........................]     Cherry-k.treatmentpackages        0/33   (0.0%)
2025-12-05T14:27:14.477+0630	
2025-12-05T14:27:16.997+0630	[#############...........]  Dr-Rejuve.treatmentselections  1627/2900  (56.1%)
2025-12-05T14:27:16.997+0630	[#.......................]  Cherry-k.stockhistories  1246/15966  (7.8%)
2025-12-05T14:27:17.004+0630	Failed: error writing data for collection `Dr-Rejuve.treatmentselections` to disk: error reading collection: connection(ac-ub2qatu-shard-00-02.usgwoxy.mongodb.net:27017[-11]) incomplete read of full message: read tcp 192.168.100.112:60762->159.143.54.52:27017: use of closed network connection
 (took 176.71s)
[2025-12-05T07:58:22.076Z] Mongo backup service running...
[2025-12-05T07:58:22.077Z] Starting backup sequence...
[2025-12-05T07:58:22.077Z] Starting batch: db1, db2
[2025-12-05T07:58:22.091Z] Backing up db1...
[2025-12-05T07:58:22.108Z] Backing up db2...
[2025-12-05T08:03:29.230Z] Backup completed for db2: C:\K-Win\Backup\backups\db2\db2_05-12-2025-T-14-28-22 (took 307.12s)
[2025-12-05T08:03:38.112Z] Backup completed for db1: C:\K-Win\Backup\backups\db1\db1_05-12-2025-T-14-28-22 (took 316.02s)
[2025-12-05T08:03:38.114Z] Finished batch: db1, db2

[2025-12-05T08:03:38.114Z] Duration for db1: 316.02s
[2025-12-05T08:03:38.114Z] Duration for db2: 307.12s
[2025-12-05T08:03:38.114Z] Backup sequence completed.

[2025-12-05T08:05:02.014Z] Mongo backup service running...
[2025-12-05T08:05:02.015Z] Starting backup sequence...
[2025-12-05T08:05:02.015Z] Starting batch: db1, db2
[2025-12-05T08:05:02.028Z] Backing up db1...
[2025-12-05T08:05:02.050Z] Backing up db2...
